// Vitest Snapshot v1

exports[`ReleaseNotesRender component > should render correctly - version not defined 1`] = `
<div>
  <div
    class="text-center container"
  >
    <h2>
      version
    </h2>
    <h2>
      Oops... We couldn't find those release notes
    </h2>
    <span>
      Please ensure that you have a specified a version using the version URL parameter: 
      <code>
        ?version=x.x.x
      </code>
    </span>
  </div>
</div>
`;

exports[`ReleaseNotesRender component > should render correctly 1`] = `
<div>
  <div
    class="text-center container"
  >
    <h2>
      version
    </h2>
    <table
      class="table"
      style="border-spacing: 0 10px; border-collapse: separate;"
    >
      <thead
        class="table-dark"
      >
        <tr
          class="table-head"
        >
          <th>
            Issue
          </th>
          <th>
            Component
          </th>
          <th>
            Priority
          </th>
          <th>
            Title
          </th>
        </tr>
      </thead>
      <tbody>
        <tr>
          <td
            nowrap="nowrap"
          >
            <a
              href="https://link_mock/"
              rel="noopener noreferrer"
              target="_blank"
            >
              id_mock
            </a>
          </td>
          <td />
          <td />
          <td>
            title_mock
          </td>
        </tr>
      </tbody>
    </table>
  </div>
</div>
`;
